jennifer-oseitutus-macbook:~ flowers2890$ cd /Users/flowers2890/JennieO23.github.io/phase\ 1 
jennifer-oseitutus-macbook:phase 1 flowers2890$ git clone https://github.com/coyotes-2014/database-drill-student-roster-challenge.git
Cloning into 'database-drill-student-roster-challenge'...
remote: Counting objects: 44, done.
remote: Compressing objects: 100% (35/35), done.
remote: Total 44 (delta 6), reused 16 (delta 2)
Unpacking objects: 100% (44/44), done.
Checking connectivity... done.
jennifer-oseitutus-macbook:phase 1 flowers2890$ cd database-drill-student-roster-challenge/source
jennifer-oseitutus-macbook:source flowers2890$ subl .
jennifer-oseitutus-macbook:source flowers2890$ git checkout -b pair-JennieO23
M	source/student_schema.md
Switched to a new branch 'pair-JennieO23'
jennifer-oseitutus-macbook:source flowers2890$ git add .
jennifer-oseitutus-macbook:source flowers2890$ git status
On branch pair-JennieO23
Changes to be committed:
  (use "git reset HEAD <file>..." to unstage)

	modified:   student_schema.md
	new file:   student_schema.png

jennifer-oseitutus-macbook:source flowers2890$ git commit -m "students"
[pair-JennieO23 c1721f5] students
 2 files changed, 2 insertions(+), 1 deletion(-)
 create mode 100644 source/student_schema.png
jennifer-oseitutus-macbook:source flowers2890$ git status
On branch pair-JennieO23
nothing to commit, working directory clean
jennifer-oseitutus-macbook:source flowers2890$ git push origin pair-JennieO23
Counting objects: 21, done.
Delta compression using up to 4 threads.
Compressing objects: 100% (5/5), done.
Writing objects: 100% (5/5), 51.34 KiB | 0 bytes/s, done.
Total 5 (delta 0), reused 0 (delta 0)
To https://github.com/coyotes-2014/database-drill-student-roster-challenge.git
 * [new branch]      pair-JennieO23 -> pair-JennieO23
jennifer-oseitutus-macbook:source flowers2890$ cd ..
jennifer-oseitutus-macbook:database-drill-student-roster-challenge flowers2890$ cd ..
jennifer-oseitutus-macbook:phase 1 flowers2890$ pwd
/Users/flowers2890/JennieO23.github.io/phase 1
jennifer-oseitutus-macbook:phase 1 flowers2890$ git clone https://github.com/coyotes-2014/database-drill-one-to-many-schema-challenge.git
Cloning into 'database-drill-one-to-many-schema-challenge'...
remote: Counting objects: 49, done.
remote: Compressing objects: 100% (36/36), done.
remote: Total 49 (delta 7), reused 22 (delta 5)
Unpacking objects: 100% (49/49), done.
Checking connectivity... done.
jennifer-oseitutus-macbook:phase 1 flowers2890$ cd database-drill-one-to-many-schema-challenge/source
jennifer-oseitutus-macbook:source flowers2890$ mv one_to_many /Users/flowers2890/JennieO23.github.io/phase\ 1/database-drill-one-to-many-schema-challenge/source 
mv: rename one_to_many to /Users/flowers2890/JennieO23.github.io/phase 1/database-drill-one-to-many-schema-challenge/source/one_to_many: No such file or directory
jennifer-oseitutus-macbook:source flowers2890$ pwd
/Users/flowers2890/JennieO23.github.io/phase 1/database-drill-one-to-many-schema-challenge/source
jennifer-oseitutus-macbook:source flowers2890$ git -b
Unknown option: -b
usage: git [--version] [--help] [-C <path>] [-c name=value]
           [--exec-path[=<path>]] [--html-path] [--man-path] [--info-path]
           [-p|--paginate|--no-pager] [--no-replace-objects] [--bare]
           [--git-dir=<path>] [--work-tree=<path>] [--namespace=<name>]
           <command> [<args>]
jennifer-oseitutus-macbook:source flowers2890$ git branch
* master
jennifer-oseitutus-macbook:source flowers2890$ git checkout -b pair-JennieO23
M	source/one_to_many_schema.md
Switched to a new branch 'pair-JennieO23'
jennifer-oseitutus-macbook:source flowers2890$ git add .
jennifer-oseitutus-macbook:source flowers2890$ git status
On branch pair-JennieO23
Changes to be committed:
  (use "git reset HEAD <file>..." to unstage)

	new file:   one_to_many.png
	modified:   one_to_many_schema.md

jennifer-oseitutus-macbook:source flowers2890$ git commit -m 'one to many'
[pair-JennieO23 8b7dd4e] one to many
 2 files changed, 1 insertion(+)
 create mode 100644 source/one_to_many.png
jennifer-oseitutus-macbook:source flowers2890$ git push origin pair-JennieO23
Counting objects: 25, done.
Delta compression using up to 4 threads.
Compressing objects: 100% (4/4), done.
Writing objects: 100% (5/5), 137.29 KiB | 0 bytes/s, done.
Total 5 (delta 0), reused 0 (delta 0)
To https://github.com/coyotes-2014/database-drill-one-to-many-schema-challenge.git
 * [new branch]      pair-JennieO23 -> pair-JennieO23
jennifer-oseitutus-macbook:source flowers2890$ cd ../..
jennifer-oseitutus-macbook:phase 1 flowers2890$ pwd
/Users/flowers2890/JennieO23.github.io/phase 1
jennifer-oseitutus-macbook:phase 1 flowers2890$ git clone https://github.com/coyotes-2014/database-drill-one-to-one-schema-challenge.git
Cloning into 'database-drill-one-to-one-schema-challenge'...
remote: Counting objects: 47, done.
remote: Compressing objects: 100% (37/37), done.
remote: Total 47 (delta 7), reused 19 (delta 4)
Unpacking objects: 100% (47/47), done.
Checking connectivity... done.
jennifer-oseitutus-macbook:phase 1 flowers2890$ cd database-drill-one-to-one-schema-challenge/source
jennifer-oseitutus-macbook:source flowers2890$ subl .
jennifer-oseitutus-macbook:source flowers2890$ subl .
jennifer-oseitutus-macbook:source flowers2890$ git branch
* master
jennifer-oseitutus-macbook:source flowers2890$ git checkout -b pair-JennieO23
M	source/one_to_one_schema.md
Switched to a new branch 'pair-JennieO23'
jennifer-oseitutus-macbook:source flowers2890$ git add .
jennifer-oseitutus-macbook:source flowers2890$ git status
On branch pair-JennieO23
Changes to be committed:
  (use "git reset HEAD <file>..." to unstage)

	new file:   one_to_one.png
	modified:   one_to_one_schema.md

jennifer-oseitutus-macbook:source flowers2890$ git commit -m "one to one"
[pair-JennieO23 55b72b3] one to one
 2 files changed, 1 insertion(+)
 create mode 100644 source/one_to_one.png
jennifer-oseitutus-macbook:source flowers2890$ git push origin pair-JennieO23
Counting objects: 21, done.
Delta compression using up to 4 threads.
Compressing objects: 100% (4/4), done.
Writing objects: 100% (5/5), 64.17 KiB | 0 bytes/s, done.
Total 5 (delta 0), reused 0 (delta 0)
To https://github.com/coyotes-2014/database-drill-one-to-one-schema-challenge.git
 * [new branch]      pair-JennieO23 -> pair-JennieO23
jennifer-oseitutus-macbook:source flowers2890$ cd ../..
jennifer-oseitutus-macbook:phase 1 flowers2890$ pwd
/Users/flowers2890/JennieO23.github.io/phase 1
jennifer-oseitutus-macbook:phase 1 flowers2890$ git clone https://github.com/coyotes-2014/database-drill-many-to-many-schema-challenge.git
Cloning into 'database-drill-many-to-many-schema-challenge'...
remote: Counting objects: 35, done.
remote: Compressing objects: 100% (29/29), done.
remote: Total 35 (delta 2), reused 9 (delta 1)
Unpacking objects: 100% (35/35), done.
Checking connectivity... done.
jennifer-oseitutus-macbook:phase 1 flowers2890$ cd database-drill-many-to-many-schema-challenge/source
jennifer-oseitutus-macbook:source flowers2890$ subl .
jennifer-oseitutus-macbook:source flowers2890$ git checkout -b pair-JennieO23
M	source/many_to_many_schema.md
Switched to a new branch 'pair-JennieO23'
jennifer-oseitutus-macbook:source flowers2890$ git commit -am 'many to many'
[pair-JennieO23 ef11fd5] many to many
 1 file changed, 1 insertion(+)
jennifer-oseitutus-macbook:source flowers2890$ git status
On branch pair-JennieO23
Untracked files:
  (use "git add <file>..." to include in what will be committed)

	many_to_many.png

nothing added to commit but untracked files present (use "git add" to track)
jennifer-oseitutus-macbook:source flowers2890$ git add .
jennifer-oseitutus-macbook:source flowers2890$ git status
On branch pair-JennieO23
Changes to be committed:
  (use "git reset HEAD <file>..." to unstage)

	new file:   many_to_many.png

jennifer-oseitutus-macbook:source flowers2890$ git commit -m 'many to many'
[pair-JennieO23 5b667b3] many to many
 1 file changed, 0 insertions(+), 0 deletions(-)
 create mode 100644 source/many_to_many.png
jennifer-oseitutus-macbook:source flowers2890$ git status
On branch pair-JennieO23
nothing to commit, working directory clean
jennifer-oseitutus-macbook:source flowers2890$ git push origin pair-JennieO23
Counting objects: 26, done.
Delta compression using up to 4 threads.
Compressing objects: 100% (7/7), done.
Writing objects: 100% (8/8), 70.81 KiB | 0 bytes/s, done.
Total 8 (delta 0), reused 0 (delta 0)
To https://github.com/coyotes-2014/database-drill-many-to-many-schema-challenge.git
 * [new branch]      pair-JennieO23 -> pair-JennieO23
jennifer-oseitutus-macbook:source flowers2890$ git status
On branch pair-JennieO23
Changes not staged for commit:
  (use "git add <file>..." to update what will be committed)
  (use "git checkout -- <file>..." to discard changes in working directory)

	modified:   many_to_many_schema.md

no changes added to commit (use "git add" and/or "git commit -a")
jennifer-oseitutus-macbook:source flowers2890$ git add .
jennifer-oseitutus-macbook:source flowers2890$ git commit -m 'fixed'
[pair-JennieO23 299d855] fixed
 1 file changed, 1 insertion(+), 1 deletion(-)
jennifer-oseitutus-macbook:source flowers2890$ git push origin pair-JennieO23
Counting objects: 24, done.
Delta compression using up to 4 threads.
Compressing objects: 100% (3/3), done.
Writing objects: 100% (4/4), 355 bytes | 0 bytes/s, done.
Total 4 (delta 1), reused 0 (delta 0)
To https://github.com/coyotes-2014/database-drill-many-to-many-schema-challenge.git
   5b667b3..299d855  pair-JennieO23 -> pair-JennieO23
jennifer-oseitutus-macbook:source flowers2890$ cd ../..
jennifer-oseitutus-macbook:phase 1 flowers2890$ cd database-drill-one-to-one-schema-challenge/source
jennifer-oseitutus-macbook:source flowers2890$ git add .
jennifer-oseitutus-macbook:source flowers2890$ git status
On branch pair-JennieO23
Changes to be committed:
  (use "git reset HEAD <file>..." to unstage)

	modified:   one_to_one_schema.md

jennifer-oseitutus-macbook:source flowers2890$ git branch
  master
* pair-JennieO23
jennifer-oseitutus-macbook:source flowers2890$ git commit -m 'fixed'
[pair-JennieO23 9fbbbc9] fixed
 1 file changed, 1 insertion(+), 1 deletion(-)
jennifer-oseitutus-macbook:source flowers2890$ git push origin pair-JennieO23
Counting objects: 22, done.
Delta compression using up to 4 threads.
Compressing objects: 100% (3/3), done.
Writing objects: 100% (4/4), 356 bytes | 0 bytes/s, done.
Total 4 (delta 1), reused 0 (delta 0)
To https://github.com/coyotes-2014/database-drill-one-to-one-schema-challenge.git
   55b72b3..9fbbbc9  pair-JennieO23 -> pair-JennieO23
jennifer-oseitutus-macbook:source flowers2890$ cd ../..
jennifer-oseitutus-macbook:phase 1 flowers2890$ git clone https://github.com/coyotes-2014/db-drill-address-book-schema-challenge.git
Cloning into 'db-drill-address-book-schema-challenge'...
remote: Counting objects: 42, done.
remote: Compressing objects: 100% (35/35), done.
remote: Total 42 (delta 3), reused 8 (delta 1)
Unpacking objects: 100% (42/42), done.
Checking connectivity... done.
jennifer-oseitutus-macbook:phase 1 flowers2890$ git branch
* master
jennifer-oseitutus-macbook:phase 1 flowers2890$ git checkout -b pair-JennieO23
Switched to a new branch 'pair-JennieO23'
jennifer-oseitutus-macbook:phase 1 flowers2890$ git branch
  master
* pair-JennieO23
jennifer-oseitutus-macbook:phase 1 flowers2890$ git add .
gitjennifer-oseitutus-macbook:phase 1 flowers2890$ git status
On branch pair-JennieO23
Changes to be committed:
  (use "git reset HEAD <file>..." to unstage)

	new file:   6-5 Terminal Saved Output
	new file:   Sublime-Shortcuts
	new file:   algorithm-drill-binary-search-challenge
	new file:   boggle-1-basic-board-generation-challenge
	new file:   data-drill-nested-arrays-challenge
	new file:   database-drill-many-to-many-schema-challenge
	new file:   database-drill-one-to-many-schema-challenge
	new file:   database-drill-one-to-one-schema-challenge
	new file:   database-drill-student-roster-challenge
	new file:   db-drill-address-book-schema-challenge
	new file:   debugging-drill-read-the-error-challenge
	new file:   debugging-drill-use-a-repl-challenge
	new file:   design-drill-method-chaining-challenge
	new file:   nested-arrays-2-ruby-for-conversion-and-seeding-challenge
	new file:   p7-oo-and-csv-bernie-s-bistro-challenge
	new file:   review-abstract-data-structures-challenge
	new file:   review-calculating-subsets-with-recursion-challenge
	new file:   review-reflect-on-learning-challenge
	new file:   review-revisit-roman-numeral-challenge
	new file:   roman-numerals-challenge
	new file:   ruby-racer-1-outrageous-fortune-challenge
	new file:   ruby-todos-1-0-core-features-challenge

Changes not staged for commit:
  (use "git add <file>..." to update what will be committed)
  (use "git checkout -- <file>..." to discard changes in working directory)
  (commit or discard the untracked or modified content in submodules)

	modified:   Sublime-Shortcuts (modified content)
	modified:   algorithm-drill-binary-search-challenge (modified content)
	modified:   boggle-1-basic-board-generation-challenge (untracked content)
	modified:   db-drill-address-book-schema-challenge (modified content, untracked content)
	modified:   debugging-drill-read-the-error-challenge (modified content)
	modified:   debugging-drill-use-a-repl-challenge (modified content)
	modified:   design-drill-method-chaining-challenge (modified content)
	modified:   p7-oo-and-csv-bernie-s-bistro-challenge (modified content)
	modified:   review-abstract-data-structures-challenge (untracked content)
	modified:   review-reflect-on-learning-challenge (modified content)
	modified:   ruby-todos-1-0-core-features-challenge (modified content)

Untracked files:
  (use "git add <file>..." to include in what will be committed)

	../one_to_many.png
	../phase_0_unit_2/
	../phase_0_unit_3/
	../stylesheets/bootstrap.min.css

jennifer-oseitutus-macbook:phase 1 flowers2890$ pwd
/Users/flowers2890/JennieO23.github.io/phase 1
jennifer-oseitutus-macbook:phase 1 flowers2890$ git reset 
jennifer-oseitutus-macbook:phase 1 flowers2890$ git status
On branch pair-JennieO23
Untracked files:
  (use "git add <file>..." to include in what will be committed)

	../one_to_many.png
	./
	../phase_0_unit_2/
	../phase_0_unit_3/
	../stylesheets/bootstrap.min.css

nothing added to commit but untracked files present (use "git add" to track)
jennifer-oseitutus-macbook:phase 1 flowers2890$ cd db-drill-address-book-schema-challenge/source
jennifer-oseitutus-macbook:source flowers2890$ ls
address_book_schema.md		many_many_address_book.png
jennifer-oseitutus-macbook:source flowers2890$ git add .
jennifer-oseitutus-macbook:source flowers2890$ git status
On branch master
Your branch is up-to-date with 'origin/master'.

Changes to be committed:
  (use "git reset HEAD <file>..." to unstage)

	modified:   address_book_schema.md
	new file:   many_many_address_book.png

jennifer-oseitutus-macbook:source flowers2890$ git commit -m "address"
[master 7fec8bb] address
 2 files changed, 1 insertion(+)
 create mode 100644 source/many_many_address_book.png
jennifer-oseitutus-macbook:source flowers2890$ git status
On branch master
Your branch is ahead of 'origin/master' by 1 commit.
  (use "git push" to publish your local commits)

nothing to commit, working directory clean
jennifer-oseitutus-macbook:source flowers2890$ git log
commit 7fec8bbb363edecaf85942c304232a32c08c0362
Author: Jennifer Oseitutu <JennieO23@gmail.com>
Date:   Sat Jun 14 16:02:50 2014 -0500

    address

commit 5f67b45cbf73e8459518ec294af977e4e0c0641a
Author: Zach Pflederer <zpfled@gmail.com>
Date:   Sat Jun 14 11:02:43 2014 -0500

    fix link

commit 0e7609b9a871936c593df6edadb31b2608fae6a2
Merge: ef56045 7105960
Author: Anne <aespaldi@gmail.com>
Date:   Sat Jan 18 12:10:48 2014 -0800

    Merge pull request #1 from Devbootcamp/format
    
    format and releases

commit 7105960cc2370578899a1380493a08048b73d9d4
Author: Anne Spalding <aespaldi@gmail.com>
...skipping...
commit 7fec8bbb363edecaf85942c304232a32c08c0362
commit 7fec8bbb363edecaf85942c304232a32c08c0362
Author: Jennifer Oseitutu <JennieO23@gmail.com>
Date:   Sat Jun 14 16:02:50 2014 -0500

    address

commit 5f67b45cbf73e8459518ec294af977e4e0c0641a
Author: Zach Pflederer <zpfled@gmail.com>
Date:   Sat Jun 14 11:02:43 2014 -0500

    fix link

commit 0e7609b9a871936c593df6edadb31b2608fae6a2
Merge: ef56045 7105960
Author: Anne <aespaldi@gmail.com>
Date:   Sat Jan 18 12:10:48 2014 -0800

    Merge pull request #1 from Devbootcamp/format
    
    format and releases

commit 7105960cc2370578899a1380493a08048b73d9d4
Author: Anne Spalding <aespaldi@gmail.com>
jennifer-oseitutus-macbook:source flowers2890$ git reset --soft 
jennifer-oseitutus-macbook:source flowers2890$ git status
On branch master
Your branch is ahead of 'origin/master' by 1 commit.
  (use "git push" to publish your local commits)

nothing to commit, working directory clean
jennifer-oseitutus-macbook:source flowers2890$ git reset
jennifer-oseitutus-macbook:source flowers2890$ git status
On branch master
Your branch is ahead of 'origin/master' by 1 commit.
  (use "git push" to publish your local commits)

nothing to commit, working directory clean
jennifer-oseitutus-macbook:source flowers2890$ git checkout source
error: pathspec 'source' did not match any file(s) known to git.
jennifer-oseitutus-macbook:source flowers2890$ git checkout -b pair-JennieO23
Switched to a new branch 'pair-JennieO23'
jennifer-oseitutus-macbook:source flowers2890$ git status
On branch pair-JennieO23
nothing to commit, working directory clean
jennifer-oseitutus-macbook:source flowers2890$ pwd
/Users/flowers2890/JennieO23.github.io/phase 1/db-drill-address-book-schema-challenge/source
jennifer-oseitutus-macbook:source flowers2890$ git add .
jennifer-oseitutus-macbook:source flowers2890$ git status
On branch pair-JennieO23
nothing to commit, working directory clean
jennifer-oseitutus-macbook:source flowers2890$ pwd
/Users/flowers2890/JennieO23.github.io/phase 1/db-drill-address-book-schema-challenge/source
jennifer-oseitutus-macbook:source flowers2890$ git checkout master
Switched to branch 'master'
Your branch is ahead of 'origin/master' by 1 commit.
  (use "git push" to publish your local commits)
jennifer-oseitutus-macbook:source flowers2890$ git revert HEAD


This reverts commit 7fec8bbb363edecaf85942c304232a32c08c0362.

# Please enter the commit message for your changes. Lines starting
# with '#' will be ignored, and an empty message aborts the commit.
# On branch master
# Your branch is ahead of 'origin/master' by 1 commit.
#   (use "git push" to publish your local commits)
#
# Changes to be committed:
#       modified:   source/address_book_schema.md
#       deleted:    source/many_many_address_book.png
#faulty commi
".git/Removing faulty commit"







~                                                                                                   
~                                                                                                   
~                                                                                                   
~                                                                                                   
~                                                                                                   
~                                                                                                   

